// Jest Snapshot v1, https://goo.gl/fbAQLP

exports[`should render ExpenseListItem correctly 1`] = `
<div>
  <Link
    replace={false}
    to="/edit/1"
  >
    <h3>
      Description: 
      GUM
    </h3>
  </Link>
  <p>
    Amount: 
    24
  </p>
  <p>
    Created at: 
    0
  </p>
</div>
`;
